Circuit: * D:\GIT_Project\git_repo\Digital_Hardware_Design\Simulations\OVP.asc

Direct Newton iteration failed to find .op point.  (Use ".option noopiter" to skip.)
Starting Gmin stepping
Gmin = 10
Gmin = 1.07374
vernier = 0.5
Gmin = 0.20016
vernier = 0.25
vernier = 0.125
vernier = 0.0625
vernier = 0.03125
vernier = 0.015625
Gmin = 0.20016
vernier = 0.0078125
vernier = 0.00390625
vernier = 0.00195312
vernier = 0.000976562
Gmin = 0.200013
vernier = 0.000488281
Gmin = 0
Gmin stepping failed

Starting source stepping with srcstepmethod=0
Source Step = 3.0303%
Source Step = 21.2121%
Source Step = 28.7879%
Source Step = 36.3636%
Source Step = 43.9394%
Source Step = 43.9571%
Source Step = 43.9867%
Source Step = 44.0163%
Source Step = 44.0459%
Source Step = 44.0755%
Source Step = 44.1051%
Source Step = 44.1347%
vernier = 0.00146484
Source Step = 44.1702%
Source Step = 44.2146%
Source Step = 44.259%
Source Step = 44.3034%
Source Step = 44.3478%
vernier = 0.00219727
Source Step = 44.3988%
Source Step = 44.4654%
Source Step = 44.532%
Source Step = 44.5986%
Source Step = 44.6652%
vernier = 0.0032959
Source Step = 44.7384%
Source Step = 44.8383%
Source Step = 44.9382%
Source Step = 45.038%
Source Step = 45.1379%
vernier = 0.00494385
Source Step = 45.2428%
Source Step = 45.3926%
Source Step = 45.5424%
Source Step = 45.6922%
Source Step = 45.842%
Source Step = 45.9918%
vernier = 0.00741577
Source Step = 46.2166%
Source Step = 46.4413%
Source Step = 46.666%
Source Step = 46.8907%
Source Step = 47.1154%
vernier = 0.0111237
Source Step = 47.4413%
Source Step = 47.7784%
Source Step = 48.1154%
Source Step = 48.4525%
Source Step = 48.7896%
vernier = 0.0166855
Source Step = 49.2615%
Source Step = 49.7671%
Source Step = 50.2728%
Source Step = 50.7784%
Source Step = 51.284%
vernier = 0.0250282
Source Step = 51.9666%
Source Step = 52.725%
Source Step = 53.4835%
Source Step = 54.2419%
Source Step = 55.0003%
vernier = 0.0375423
Source Step = 55.9863%
Source Step = 57.1239%
Source Step = 58.2616%
Source Step = 59.3992%
Source Step = 60.5369%
vernier = 0.0563135
Source Step = 61.9589%
Source Step = 63.6654%
Source Step = 65.3719%
Source Step = 67.0783%
Source Step = 68.7848%
vernier = 0.0844703
Source Step = 70.8326%
Source Step = 73.3923%
Source Step = 75.952%
Source Step = 78.5117%
Source Step = 81.0714%
vernier = 0.126705
Source Step = 84.015%
Source Step = 87.8546%
Source Step = 91.6942%
Source Step = 95.5337%
Source Step = 98.7014%
Source Step = 98.8753%
Source Step = 98.9353%
Source Step = 98.9953%
Source Step = 99.0553%
Source Step = 99.1153%
Source Step = 99.1753%
Source Step = 99.2353%
Source Step = 99.2953%
Source Step = 99.3553%
Source Step = 99.4153%
Source Step = 99.4753%
Source Step = 99.5353%
Source Step = 99.5953%
Source Step = 99.6552%
Source Step = 99.7152%
Source Step = 99.7752%
Source Step = 99.8352%
Source Step = 99.8952%
Source Step = 99.9552%
Source Step = 100%
Source Step = 100%
Source Step = 100%
Source Step = 100%
Source Step = 100%
Source Step = 100%
Source Step = 100%
Source Step = 100%
Source Step = 100%
Source Step = 100%
Source Step = 100%
Source Step = 100%
Source Step = 100%
Source Step = 100%
Source Step = 100%
Source Step = 100%
Source Step = 100%
Source Step = 100%
Source Step = 100%
Source Step = 100%
Source Step = 100%
Source Step = 100%
Source Step = 100%
Source Step = 100%
Source Step = 100%
Source Step = 100%
Source Step = 100%
Source Step = 100%
Source Step = 100%
Source Step = 100%
Source Step = 100%
Source Step = 100%
Source Step = 100%
Source Step = 100%
Source Step = 100%
Source Step = 100%
Source Step = 100%
Source Step = 100%
Source Step = 100%
Source Step = 100%
Source Step = 100%
Source Step = 100%
Source Step = 100%
Source Step = 100%
Source Step = 100%
Source Step = 100%
Source Step = 100%
Source Step = 100%
Source Step = 100%
Source Step = 100%
Source Step = 100%
Source Step = 100%
Source Step = 100%
Source Step = 100%
Source Step = 100%
Source Step = 100%
Source Step = 100%
Source Step = 100%
Source Step = 100%
Source Step = 100%
Source Step = 100%
Source Step = 100%
Source Step = 100%
Source Step = 100%
Source Step = 100%
Source Step = 100%
Source Step = 100%
Source Step = 100%
Source Step = 100%
Source Step = 100%
Source Step = 100%
Source Step = 100%
Source Step = 100%
Source Step = 100%
Source Step = 100%
Source Step = 100%
Source Step = 100%
Source Step = 100%
Source Step = 100%
Source Step = 100%
Source Step = 100%
Source Step = 100%
Source Step = 100%
Source Step = 100%
Source Step = 100%
Source Step = 100%
Source Step = 100%
Source Step = 100%
Source Step = 100%
Source Step = 100%
Source Step = 100%
Source Step = 100%
Source Step = 100%
Source Step = 100%
Source Step = 100%
Source Step = 100%
Source Step = 100%
Source Step = 100%
Source Step = 100%
Source Step = 100%
Source Step = 100%
Source Step = 100%
Source Step = 100%
Source Step = 100%
Source Step = 100%
Source Step = 100%
Source Step = 100%
Source Step = 100%
Source Step = 100%
Source Step = 100%
Source Step = 100%
Source Step = 100%
Source Step = 100%
Source Step = 100%
Source Step = 100%
Source Step = 100%
Source Step = 100%
Source Step = 100%
Source Step = 100%
Source Step = 100%
Source Step = 100%
Source Step = 100%
Source Step = 100%
Source Step = 100%
Source Step = 100%
Source Step = 100%
Source Step = 100%
Source Step = 100%
Source Step = 100%
Source Step = 100%
Source Step = 100%
Source Step = 100%
Source Step = 100%
Source Step = 100%
Source Step = 100%
Source Step = 100%
Source Step = 100%
Source Step = 100%
Source Step = 100%
Source Step = 100%
Source Step = 100%
Source Step = 100%
Source Step = 100%
Source Step = 100%
Source Step = 100%
Source Step = 100%
Source Step = 100%
Source Step = 100%
Source Step = 100%
Source Step = 100%
Source Step = 100%
Source Step = 100%
Source Step = 100%
Source Step = 100%
Source Step = 100%
Source Step = 100%
Source Step = 100%
Source Step = 100%
Source Step = 100%
Source Step = 100%
Source Step = 100%
Source Step = 100%
Source Step = 100%
Source Step = 100%
Source Step = 100%
Source Step = 100%
Source Step = 100%
Source Step = 100%
Source Step = 100%
Source Step = 100%
Source Step = 100%
Source Step = 100%
Source Step = 100%
Source Step = 100%
Source Step = 100%
Source Step = 100%
Source Step = 100%
Source Step = 100%
Source Step = 100%
Source Step = 100%
Source Step = 100%
Source Step = 100%
Source Step = 100%
Source Step = 100%
Source Step = 100%
Source Step = 100%
Source Step = 100%
Source Step = 100%
Source Step = 100%
Source Step = 100%
Source Step = 100%
Source Step = 100%
Source Step = 100%
Source Step = 100%
Source Step = 100%
Source Step = 100%
Source Step = 100%
Source Step = 100%
Source Step = 100%
Source Step = 100%
Source Step = 100%
Source Step = 100%
Source Step = 100%
Source Step = 100%
Source Step = 100%
Source Step = 100%
Source Step = 100%
Source Step = 100%
Source Step = 100%
Source Step = 100%
Source Step = 100%
Source Step = 100%
Source Step = 100%
Source Step = 100%
Source Step = 100%
Source Step = 100%
Source Step = 100%
Source Step = 100%
Source Step = 100%
Source Step = 100%
Source Step = 100%
Source Step = 100%
Source Step = 100%
Source Step = 100%
Source Step = 100%
Source Step = 100%
Source Step = 100%
Source Step = 100%
Source Step = 100%
Source Step = 100%
Source Step = 100%
Source Step = 100%
Source Step = 100%
Source Step = 100%
Source Step = 100%
Source Step = 100%
Source Step = 100%
Source Step = 100%
Source Step = 100%
Source Step = 100%
Source Step = 100%
Source Step = 100%
Source Step = 100%
Source Step = 100%
Source Step = 100%
Source Step = 100%
Source Step = 100%
Source Step = 100%
Source Step = 100%
Source Step = 100%
Source Step = 100%
Source Step = 100%
Source Step = 100%
Source Step = 100%
Source Step = 100%
Source Step = 100%
Source Step = 100%
Source Step = 100%
Source Step = 100%
Source Step = 100%
Source Step = 100%
Source Step = 100%
Source Step = 100%
Source Step = 100%
Source Step = 100%
Source Step = 100%
Source Step = 100%
Source stepping aborted.
Starting source stepping with srcstepmethod=1
Source Step = 3.0303%
vernier = 0.25
Source Step = 7.57576%
Source Step = 15.1515%
Source Step = 22.7273%
Source Step = 30.303%
Source Step = 37.8788%
vernier = 0.375
Source Step = 48.8636%
Source Step = 60.2273%
Source Step = 71.5909%
Source Step = 82.9545%
Source Step = 94.3182%
vernier = 0.5625
Source Step = 100%
Source Step = 99.1065%
vernier = 0.00878906
Source Step = 99.0599%
Source Step = 99.1265%
Source Step = 99.1931%
Source Step = 99.2597%
Source Step = 99.3263%
Source Step = 99.3928%
Source Step = 99.4594%
Source Step = 99.526%
Source Step = 99.5926%
Source Step = 99.6592%
Source Step = 99.7258%
Source Step = 99.7923%
Source Step = 99.8589%
Source Step = 99.9255%
Source Step = 99.9921%
Source Step = 100%
Source Step = 100%
Source Step = 100%
Source Step = 100%
Source Step = 100%
Source Step = 100%
Source Step = 100%
Source Step = 100%
Source Step = 100%
Source Step = 100%
Source Step = 100%
Source Step = 100%
Source Step = 100%
Source Step = 100%
Source Step = 100%
Source Step = 100%
Source Step = 100%
Source Step = 100%
Source Step = 100%
Source Step = 100%
Source Step = 100%
Source Step = 100%
Source Step = 100%
Source Step = 100%
Source Step = 100%
Source Step = 100%
Source Step = 100%
Source Step = 100%
Source Step = 100%
Source Step = 100%
Source Step = 100%
Source Step = 100%
Source Step = 100%
Source Step = 100%
Source Step = 100%
Source Step = 100%
Source Step = 100%
Source Step = 100%
Source Step = 100%
Source Step = 100%
Source Step = 100%
Source Step = 100%
Source Step = 100%
Source Step = 100%
Source Step = 100%
Source Step = 100%
Source Step = 100%
Source Step = 100%
Source Step = 100%
Source Step = 100%
Source Step = 100%
Source Step = 100%
Source Step = 100%
Source Step = 100%
Source Step = 100%
Source Step = 100%
Source Step = 100%
Source Step = 100%
Source Step = 100%
Source Step = 100%
Source Step = 100%
Source Step = 100%
Source Step = 100%
Source Step = 100%
Source Step = 100%
Source Step = 100%
Source Step = 100%
Source Step = 100%
Source Step = 100%
Source Step = 100%
Source Step = 100%
Source Step = 100%
Source Step = 100%
Source Step = 100%
Source Step = 100%
Source Step = 100%
Source Step = 100%
Source Step = 100%
Source Step = 100%
Source Step = 100%
Source Step = 100%
Source Step = 100%
Source Step = 100%
Source stepping aborted.
Pseudo Transient succeeded in finding the operating point at 6.20766 s.
Changing Tseed to 1.95312e-08

Date: Sat Nov  1 01:18:55 2025
Total elapsed time: 2.826 seconds.

tnom = 27
temp = 27
method = modified trap
totiter = 84921
traniter = 2989
tranpoints = 1324
accept = 1243
rejected = 149
matrix size = 69
fillins = 27
solver = Normal
Avg thread counts: 2.3/4.0/3.8/2.3
Matrix Compiler1: 3.23 KB object code size  0.6/0.4/[0.2]
Matrix Compiler2: 4.83 KB object code size  0.6/0.9/[0.4]

